3
30
100
15
["a", "b", "c"]
{"a": 1}
P(3)
error[E0114]: 変数 y が見つかりません
  --> [16]:1:1
  1 | y + 1;
    | -
  直し方: var で宣言してから使います

15
error[E0114]: 変数 nothing_here が見つかりません
  --> [18]:1:9
  1 | var z = nothing_here;
    |         ------------
  直し方: var で宣言してから使います

error[E0114]: 変数 z が見つかりません
  --> [19]:1:1
  1 | z;
    | -
  直し方: var で宣言してから使います

8
3628800
42
3
4.0
panic: 配列の長さは 3 ですが、5 番目を読もうとしました
  --> [29]:1
  呼び出しの経路:
    [29]:1  @main
15
012
文字
error[E0114]: 変数 x が見つかりません
  --> [1]:1:1
  1 | x;
    | -
  直し方: var で宣言してから使います

