error[E0409]: Node は自分自身を値として持てません（代入がコピーなので、大きさが決まりません）
  --> value_and_optional.shk:3:7
  3 |   var next: Node;        // E0409（自分自身を値として持てない）
    |       ----
  直し方: ? を付けると、値が無い状態を表せます: var next: Node?;
      並べて持ちたいときは list<Node> にします

error[E0211]: ?. の先では push() のように中身を書き換えるメソッドは呼べません
  --> value_and_optional.shk:8:5
  8 |   xs?.push(1);           // E0211（?. の先では書き換えられない）
    |     ----
  直し方: 値があるか先に確かめ、取り出したものを書き換えてから戻します
    if var v = xs { v.push(...); xs = v; }
  直し方: 値が必ずあるなら、? を付けずに宣言します

2 件の誤りがあります
