error[E0002]: ここには書けない文字があります
  --> wide_chars.shk:7:7
  7 |   var 名前 = 1;                                   // 名前には使えない
    |       ----
  直し方: 識別子に使えるのは英数字と _ だけです（日本語は使えません）

error[E0002]: ここには書けない文字があります
  --> wide_chars.shk:8:17
  8 |   print(a + b + 名前);
    |                 ----
  直し方: 識別子に使えるのは英数字と _ だけです（日本語は使えません）

error[E0001]: 変数の名前が要ります
  --> wide_chars.shk:7:10
  7 |   var 名前 = 1;                                   // 名前には使えない
    |            -

error[E0001]: ここに式が要ります
  --> wide_chars.shk:8:19
  8 |   print(a + b + 名前);
    |                     -
  直し方: 値・変数・呼び出しのどれかを書きます

error[E0101]: 変数の型が合いません: int に string は入りません
  --> wide_chars.shk:5:37
  5 |   var greet = "こんにちは"; var a: int = greet;   // 日本語の後ろでもずれない
    |                                          ----- string
  直し方: int(...) で変換します（失敗すると none になります）

error[E0101]: 変数の型が合いません: int に string は入りません
  --> wide_chars.shk:6:40
  6 |   print("🦈");             var b: int = greet;   // 絵文字も 1 文字
    |                                         ----- string
  直し方: int(...) で変換します（失敗すると none になります）

6 件の誤りがあります
